[04:24:21] mgh258: co-localisation done (14 MPs, 154 hotspot spots)
[04:25:01] zh881inf: co-localisation done (14 MPs, 122 hotspot spots)
[04:27:31] zh881t1: co-localisation done (14 MPs, 238 hotspot spots)
[04:28:56] zh916bulk: co-localisation done (14 MPs, 187 hotspot spots)
[04:29:32] zh916inf: co-localisation done (14 MPs, 20 hotspot spots)
[04:31:45] zh916t1: co-localisation done (14 MPs, 359 hotspot spots)
[04:32:28] zh1007inf: co-localisation done (14 MPs, 199 hotspot spots)
[04:33:07] zh1007nec: co-localisation done (14 MPs, 37 hotspot spots)
[04:34:46] zh1019inf: co-localisation done (14 MPs, 170 hotspot spots)
[04:35:39] zh1019t1: co-localisation done (14 MPs, 45 hotspot spots)
[04:38:41] zh8811a: co-localisation done (14 MPs, 248 hotspot spots)
[04:41:54] zh8811b: co-localisation done (14 MPs, 319 hotspot spots)
[04:43:59] zh8812: co-localisation done (14 MPs, 120 hotspot spots)
[04:44:43] bwh23: co-localisation done (14 MPs, 56 hotspot spots)
[04:48:52] bwh24: co-localisation done (14 MPs, 43 hotspot spots)
[04:51:33] bwh25: co-localisation done (14 MPs, 168 hotspot spots)
[04:54:08] bwh28: co-localisation done (14 MPs, 56 hotspot spots)
[04:55:14] bwh35: co-localisation done (14 MPs, 6 hotspot spots)
[04:59:48] mgh259: co-localisation done (14 MPs, 290 hotspot spots)
There were 14 warnings (use warnings() to see them)
[04:59:48] wrote coloc_C1b_vs_MP_per_sample.csv (266 rows)
[04:59:48] wrote nhood_enrichment_C1b_hotspots.csv (240 rows)
[04:59:48] wrote hotspot_MP_composition_fisher.csv (240 rows)
[04:59:51] saved figure Fig3a_coloc_rho_heatmap.pdf
[04:59:51] saved figure Fig3b_coloc_partial_rho_heatmap.pdf
[04:59:52] saved figure Fig4_nhood_enrichment_heatmap.pdf
