[06:32:56] wrote target_signatures_used.csv (10 rows)
[06:38:13] mgh258: 3-gene rho=0.47 (C1b-trio pct 0.96), hotspot Dice=0.14
[06:40:00] zh881inf: 3-gene rho=0.37 (C1b-trio pct 0.61), hotspot Dice=0.00
[06:47:55] zh881t1: 3-gene rho=0.49 (C1b-trio pct 0.97), hotspot Dice=0.43
[06:52:31] zh916bulk: 3-gene rho=0.37 (C1b-trio pct 0.74), hotspot Dice=0.37
[06:54:21] zh916inf: 3-gene rho=0.27 (C1b-trio pct 0.75), hotspot Dice=0.15
[07:01:58] zh916t1: 3-gene rho=0.57 (C1b-trio pct 0.97), hotspot Dice=0.46
[07:04:26] zh1007inf: 3-gene rho=0.51 (C1b-trio pct 0.97), hotspot Dice=0.00
[07:06:03] zh1007nec: 3-gene rho=0.45 (C1b-trio pct 0.97), hotspot Dice=0.57
[07:09:17] zh1019inf: 3-gene rho=0.54 (C1b-trio pct 0.90), hotspot Dice=0.00
[07:11:11] zh1019t1: 3-gene rho=0.44 (C1b-trio pct 0.97), hotspot Dice=0.33
[07:18:16] zh8811a: 3-gene rho=0.46 (C1b-trio pct 0.95), hotspot Dice=0.26
[07:26:08] zh8811b: 3-gene rho=0.47 (C1b-trio pct 0.94), hotspot Dice=0.23
[07:30:21] zh8812: 3-gene rho=0.33 (C1b-trio pct 0.80), hotspot Dice=0.16
[07:31:43] bwh23: 3-gene rho=0.31 (C1b-trio pct 0.75), hotspot Dice=0.60
[07:40:57] bwh24: 3-gene rho=0.41 (C1b-trio pct 0.93), hotspot Dice=0.00
[07:46:21] bwh25: 3-gene rho=0.45 (C1b-trio pct 0.81), hotspot Dice=0.00
[07:50:10] bwh28: 3-gene rho=0.24 (C1b-trio pct 0.32), hotspot Dice=0.00
[07:51:49] bwh35: 3-gene rho=0.34 (C1b-trio pct 0.89), hotspot Dice=0.00
[08:00:41] mgh259: 3-gene rho=0.36 (C1b-trio pct 0.75), hotspot Dice=0.55
There were 14 warnings (use warnings() to see them)
[08:00:42] wrote C1b_vs_3gene_concordance.csv (19 rows)
[08:00:42] wrote target_signature_gene_detection.csv (190 rows)
[08:00:42] wrote niche_proximity_per_sample.csv (724 rows)
[08:00:42] wrote niche_distance_decay.csv (1547 rows)
[08:00:42] wrote niche_proximity_meta.csv (138 rows)
[08:00:42] wrote C1b_vs_3gene_proximity_agreement.csv (13 rows)
[08:00:45] saved figure Fig6a_C1b_vs_3gene_concordance.pdf
[08:00:55] saved figure Fig6b_C1b_vs_3gene_maps_IDHm.pdf
Error in `geom_vline()`:
! Problem while setting up geom aesthetics.
i Error occurred in the 1st layer.
Caused by error in `check_aesthetics()`:
! Aesthetics must be either length 1 or the same as the data (6).
x Fix the following mappings: `linetype`.
Backtrace:
     x
  1. \-global save_pdf(...)
  2.   \-ggplot2::ggsave(f, p, width = w, height = h, units = "in", device = grDevices::cairo_pdf)
  3.     \-base::lapply(plot, grid.draw)
  4.       +-grid (local) FUN(X[[i]], ...)
  5.       \-ggplot2 (local) `grid.draw.ggplot2::ggplot`(X[[i]], ...)
  6.         +-base::print(x)
  7.         \-patchwork:::print.patchwork(x)
  8.           \-patchwork:::build_patchwork(plot, plot$layout$guides %||% "auto")
  9.             \-base::lapply(x$plots, plot_table, guides = guides)
 10.               +-patchwork (local) FUN(X[[i]], ...)
 11.               \-patchwork:::plot_table.ggplot(X[[i]], ...)
 12.                 \-ggplot2::ggplotGrob(x)
 13.                   +-ggplot2::ggplot_gtable(ggplot_build(x))
 14.                   | \-ggplot2:::attach_plot_env(data@plot@plot_env)
 15.                   |   \-base::options(ggplot2_plot_env = env)
 16.                   +-ggplot2::ggplot_build(x)
 17.                   \-ggplot2 (local) `ggplot_build.ggplot2::ggplot`(x)
 18.                     \-ggplot2:::by_layer(...)
 19.                       +-rlang::try_fetch(...)
 20.                       | +-base::tryCatch(...)
 21.                       | | \-base (local) tryCatchList(expr, classes, parentenv, handlers)
 22.                       | |   \-base (local) tryCatchOne(expr, names, parentenv, handlers[[1L]])
 23.                       | |     \-base (local) doTryCatch(return(expr), name, parentenv, handler)
 24.                       | \-base::withCallingHandlers(...)
 25.                       \-ggplot2 (local) f(l = layers[[i]], d = data[[i]])
 26.                         \-l$compute_geom_2(d, theme = plot@theme)
 27.                           \-ggplot2 (local) compute_geom_2(..., self = self)
 28.                             \-self$geom$use_defaults(...)
 29.                               \-ggplot2 (local) use_defaults(..., self = self)
 30.                                 \-ggplot2:::check_aesthetics(new_params, nrow(data))
 31.                                   \-cli::cli_abort(...)
 32.                                     \-rlang::abort(...)
Execution halted
