[13:58:08] idha04: rho(C1b) P5=0.47 P3m=0.30 P3=0.22
[13:59:51] idha05: rho(C1b) P5=0.47 P3m=0.23 P3=0.22
[14:01:06] idha06: rho(C1b) P5=0.36 P3m=0.28 P3=0.16
[14:02:16] idha07: rho(C1b) P5=0.46 P3m=0.31 P3=0.17
[14:05:02] idha08: rho(C1b) P5=0.39 P3m=0.41 P3=0.24
[14:06:09] idha09: rho(C1b) P5=0.61 P3m=0.44 P3=0.33
[14:07:05] idha10: rho(C1b) P5=0.46 P3m=0.28 P3=0.16
[14:08:34] idha11: rho(C1b) P5=0.52 P3m=0.43 P3=0.32
[14:09:35] idha12: rho(C1b) P5=0.44 P3m=0.34 P3=0.23
[14:10:08] idha13: rho(C1b) P5=0.70 P3m=0.68 P3=0.49
[14:11:44] idha14: rho(C1b) P5=0.51 P3m=0.40 P3=0.30
[14:13:15] idha15: rho(C1b) P5=0.39 P3m=0.35 P3=0.22
[14:14:12] idha16: rho(C1b) P5=0.77 P3m=0.63 P3=0.56
[14:15:33] idha17: rho(C1b) P5=0.50 P3m=0.43 P3=0.24
[14:15:58] idho03: rho(C1b) P5=0.49 P3m=0.39 P3=0.24
[14:17:53] idho05: rho(C1b) P5=0.46 P3m=0.39 P3=0.22
[14:18:44] idho08: rho(C1b) P5=0.50 P3m=0.42 P3=0.30
There were 14 warnings (use warnings() to see them)
[14:18:44] wrote protein_panel_proxy_per_sample.csv (51 rows)
Error: object 'moran_C1b' not found
Execution halted
